https://application.beeline.ru
https://ast.beelinegsm.ru
https://atm2.beeline.ru
https://atm3.beeline.ru
https://atm4.beeline.ru
https://b2b.beeline.ru
https://banners.beeline.ru
https://barnaul.beelinegsm.ru
https://beekas-01.beeline.ru
https://beekas-02.beeline.ru
https://beeline.ru
https://beepayxp.beeline.ru
https://beepayxp-atm.beeline.ru
https://beeport.beeline.ru
https://blg.beelinegsm.ru
https://bolrelay.vimpelcom.ru
https://brn.beelinegsm.ru
https://cardreg.beeline.ru
https://cheboksary.beelinegsm.ru
https://click537.beeline.ru
https://cloudcc.beeline.ru
https://dealer.beeline.ru
https://dealerpay.beeline.ru
https://dncaps.beeline.ru
https://dncaps2.beeline.ru
https://dr-uag1.beeline.ru
https://dr-uag2.beeline.ru
https://duality.beeline.ru
https://imsc.beeline.ru
https://imsc-fe1.beeline.ru
https://imsc-fe2.beeline.ru
https://kazan.beeline.ru
https://kemerovo.beelinegsm.ru
https://ksm.beelinegsm.ru
https://kur.beelinegsm.ru
https://lipetsk.beelinegsm.ru
https://mailrelay-02.vimpelcom.ru
https://memphis.beeline.ru
https://mml.beeline.ru
https://mn-uag1.beeline.ru
https://mn-uag2.beeline.ru
https://ms-vimss04.beeline.ru
https://nazran.beeline.ru 
https://nnov.beelinegsm.ru
https://omsk.beelinegsm.ru
https://orl.beelinegsm.ru
https://ple.beeline.ru
https://probe.beeline.ru
https://remcomsc.beeline.ru
https://rostov-on-don.beelinegsm.ru
https://slim.beeline.ru
https://sml.beelinegsm.ru
https://sms.beemail.ru
https://sourcing1.vimpelcom.ru
https://srt.beelinegsm.ru
https://sts.beeline.ru
https://trust.beeline.ru
https://tsh-tech.beeline.ru
https://tver.beelinegsm.ru
https://ufa.beelinegsm.ru
https://umcs.beeline.ru
https://vld.beelinegsm.ru
https://vlg.beelinegsm.ru
https://voronezh.beelinegsm.ru
https://www.beeline.ru
https://www.spb.beelinegsm.ru
https://yaroslavl.beelinegsm.ru
