https://www.farpost.ru/sign?mode=openid&return=%2Ffauth%2Frun%2Fverify%3Fssid%3Db1ded2162471b0ac796a8b19d12b31fb5e44a1e327d25d0e74b3f4390553a169 
https://v1.ru/ 
https://ya62.ru/ 
http://belgorodtv.ru/ 
https://www.ap22.ru/ 
https://politsib.ru/ 
https://1line.info/ 
https://www.bankfax.ru/ 
https://tolknews.ru/ 
https://sterlegrad.ru/ 
https://prufy.ru/ 
https://biwork.ru/ 
https://ufanotes.ru/ 
http://dagpravda.ru/ 
https://baikalskieogni.ru/ 
https://gazeta-n1.ru/ 
https://www.riakchr.ru/ 
https://www.kbpravda.ru/ 
https://cherkessk09.ru/ 
http://kbrria.ru/ 
https://mirmol.ru/ 
https://gubdaily.ru/
https://pg11.ru/ 
https://ptzgovorit.ru/ 
https://komiinform.ru/ 
https://pg12.ru/news 
https://yocity12.com/news/ 
https://www.marpravda.ru/ 
https://www.amur.life/ 
https://novkos.ru/ 
https://www.mordovmedia.ru/ 
https://asn24.ru/ 
https://ampravda.ru/ 
https://2x2.su/ 
https://www.amur.info/ 
https://portamur.ru/ 
https://region29.ru/ 
https://region29.ru/tv/ 
https://pravdasevera.ru/ 
http://gazeta-bam.ru/ 
https://www.pomorie.ru/ 
https://dvinatoday.ru/ 
https://bloknot-astrakhan.ru/ 
https://vdvsn.ru/ 
https://echosevera.ru/ 
https://lotosgtrk.ru/ 
https://gazetanb.ru/ 
https://mirbelogorya.ru/live.html 
http://www.br-tvr.ru/ 
http://www.br-tvr.ru/index.php/ 
https://klintsy.info/ 
https://riastrela.ru/ 
https://newsbryansk.ru/ 
https://www.belpressa.ru/ 
https://tomiks33.ru/ 
https://progorod33.ru/ 
https://gazetanga.ru/ 
https://bloknot-volgograd.ru/ 
https://www.vpgazeta.ru/ 
https://os34.ru/ 
https://newsvladimir.ru/ 
https://vologda-poisk.ru/ 
https://ranpress.ru/ 
https://onlinevologda.ru/ 
https://cherinfo.ru/ 
http://cher-is.com/ 
https://bloknot-voronezh.ru/ 
https://www.gorodche.ru/ 
https://riavrn.ru/ 
https://abireg.ru/ 
https://volgograd24.tv/ 
https://www.moe-online.ru/ 
https://obozvrn.ru/ 
https://communa.ru/ 
https://volgograd-trv.ru/ 
https://newsivanovo.ru/ 
https://irk.ru/ 
https://i38.ru/ 
https://bst.bratsk.ru/ 
https://vrntimes.ru/ 
https://www.newkaliningrad.ru/ 
https://kaluganews.ru/ 
https://www.kaluga-poisk.ru/ 
https://snews.ru/ 
https://vestiirk.ru/ 
https://gazeta.a42.ru/ 
http://kaluga24.tv/ 
https://aisttv.ru/ 
https://rugrad.eu/ 
http://zauralonline.ru/ 
http://www.selnow45.ru/ 
https://kurgan.ru/ 
https://online47.ru/ 
https://lipetskmedia.ru/ 
https://most.tv/ 
https://lipetsknews.ru/ 
https://www.kolyma.ru/ 
https://magadanpravda.ru/ 
https://lg.lpgzt.ru/ 
https://podolskriamo.ru/
https://kn51.ru/ 
https://www.mvestnik.ru/ 
https://www.oka.fm/ 
https://www.vgoroden.ru/
https://progorodnn.ru/ 
https://53news.ru/ 
https://vnru.ru/ 
https://novvedomosti.ru/ 
http://www.pryamayarech.ru/ 
http://www.nnng.ru/ 
https://gazetanovgorod.ru/ 
https://ngs.ru/ 
https://www.novgorod.ru/ 
https://nsknews.info/ 
https://svodka-nso.ru/ 
https://vn.ru/ 
https://atas.info/ 
https://gorod55.ru/ 
https://ksonline.ru/ 
https://newsomsk.ru/ 
https://omskinform.ru/ 
https://bk55.ru/ 
http://www.tp-tara.ru/ 
https://ngs55.ru/ 
https://newsorel.ru/ 
https://www.penzainform.ru/ 
http://orelsreda.ru/ 
http://news.zarpressa.ru/ 
https://penzavzglyad.ru/ 
https://gorodz.info/ 
https://penzanews.ru/ 
https://www.penza-press.ru/ 
https://orsk.ru/ 
https://luki.ru/ 
https://informpskov.ru/ 
http://pln-pskov.ru/ 
https://gorodn.ru/ 
https://bloknot-rostov.ru/ 
https://pravdapskov.ru/ 
https://161.ru/ 
https://www.donnews.ru/ 
https://www.ruffnews.ru/ 
http://www.province-pskov.ru/ 
https://penza-online.ru/ 
https://62info.ru/ 
https://mediaryazan.ru/ 
https://63.ru/ 
https://www.rzn.info/ 
https://volga.news/ 
https://www.samru.ru/ 
https://citytraffic.ru/ 
https://wolsk.ru/ 
http://www.63media.ru/ 
https://www.sarbc.ru/ 
https://novosti-saratova.ru/ 
https://volsklife.ru/ 
https://www.rncb.ru/c/?back=L3ZvbG5hX3JuY2Iv 
https://www.vl.ru/vladivostok 
https://sso.mtsbank.ru/login/mtsmoney/auth/ 
http://gazetamv.ru/ 
https://www.gtrkmariel.ru/ 
https://kaskad.tv/ 
https://nedelya40.ru/ 
https://kuzrab.ru/ 
https://kirov-portal.ru/ 
https://kirovpravda.ru/ 
https://progorod43.ru/ 
https://istochnik.online/ 
https://kuzbass-today.ru/
https://bnkirov.ru/ 
https://www.city-n.ru/ 
https://smi44.ru/ 
https://chepetsk.ru/ 
https://vashgorod.ru/ 
https://vkirove.ru/ 
https://gorodkirov.ru/ 
https://echokirova.ru/ 
https://lentv24.ru/timetable 
https://www.m24.ru/live 
https://topspb.tv/live/ 
https://78.ru/tv 
https://katun24.ru/k24 
http://stv-online.ru/ 
http://novotv.ru/ 
https://vesti-sochi.tv/ 
https://vesti42.ru/ 
https://www.gtrk-vyatka.ru/live/vyatka24/ 
https://kubantv.ru/ 
https://www.prima-tv.ru/ 
https://www.kamchatka.tv/index.php/pryamoj-efir 
https://vestivrn.ru/ 
https://sev.tv/ https://trk7.ru/ 
https://vesti-kaliningrad.ru/rossiya1-1/ 
https://rgvktv.ru/ 
https://gorod-tv.com/ h
ttps://trc33.ru/programm 
https://vesti92.ru/ 
https://www.enisey.tv/live/ 
https://gtrk-kaluga.ru/ 
https://tvkrasnodar.ru/tv/pryamoy-efir/ 
https://gtrkchita.ru/online_tv/ 
https://xn--35-dlcmp7ch.xn--p1ai/
https://stv92.ru/iks24/ 
https://nts-tv.com/ 
https://vesti-k.ru/online/ 
https://gtrk-kurgan.ru/ 
http://etrk.ru/ 
https://nntv.media/volga24 
https://novgorod-tv.ru/teleproekty/novgorodskoe-televidenie-glavnyj-efir/ 
https://lipetsktime.ru/tv/online.php 
https://otstv.ru/live/ 
https://vestinn.ru/ 
https://www.volga-tv.ru/ 
https://obl1.ru/online 
https://vestiprim.ru/onair.html 
https://www.gtrkpskov.ru/ 
https://vestirama.ru/ 
https://12-kanal.ru/ 
https://www.nsktv.ru/onair/sibir_24/ 
https://vesti-perm.ru/ 
https://tv-express.ru/ 
https://komigor.com/ 
https://trkmillet.ru/ 
https://tvcom-tv.ru/online.html 
https://russia58.tv/ 
http://www.gtrkoka.ru/ 
https://tvsamara.ru/online/ 
https://stavropolye.tv/ 
https://arigus.tv/live/ 
https://don24.ru/tv 
https://ktv-ray.ru/translyacii/ 
https://stv24.tv/online/ 
https://gtrksmolensk.ru/ 
https://www.tkr.su/ 
https://tnv.ru/ 
http://www.myudm.ru/online-efir-udmurtia 
https://gtrk-volga.ru/ 
https://tatarstan24.tv/news/rubric/list/programmy-telekanala 
https://tyumen-time.ru/broadcast/ 
https://vestitula.ru/live-russia1-tula 
https://region-tyumen.ru/ 
https://tomsk-time.ru/programs/itogi-nedeli/11006-itogo.html 
https://31tv.ru/programs/prjamye-transljacii/ 
https://nvk-online.ru/new/ 
https://vesti-yamal.ru/ 
https://in-news.ru/ 
https://yk24.ru/live/ 
https://sitv.ru/efir/c1/ 
https://ugra-tv.ru/ 
https://noyabrsk24.ru/ 
https://www.cheltv.ru/rossiya-24-yuzhnyj-ural-onlajn-translyaciya/ 
https://vektor-tv.ru/tv/
https://yamal-media.ru/air
https://udmtv.ru/news/ 
https://ntr-24.ru/index.php?do=static&page=live 
https://mil-lnr.su 
http://konkur29.ru/
http://www.dvinainform.ru/ 
https://tp.tver.ru/ 
https://www.moskvaonline.ru/providers 
https://moskva.beeline.ru/customers/products/ 
https://msk.rt.ru/b2b 
https://rt-internet.ru/#/p/zayavka 
https://www.onlime.ru/bonus/rules/ 
https://b2c.passport.rt.ru/auth/realms/b2c/protocol/openid-connect/auth?client_id=account_b2c&redirect_uri=https://b2c.passport.rt.ru/account_b2c/login&response_type=code&scope=openid&state=a92c84ce-b5be-4a4b-9e30-89d19b8b4b10 
https://my.rt.ru/ 
https://moskva.mts.ru/personal/dom/home-allmts/moskva 
https://mgts.ru/home/internet/
https://www.starlink.ru/payment/
http://qwerty.ru/internet-tv/
https://moscow.megafon.ru/pay/online_payment_credit_card/ 
https://lk.megafon.ru/api/login/ 
https://plus.megafon.ru/ 
https://kiozk.ru/audio/biznes 
https://books.megafon.ru/day/login 
https://www.wifire.ru/nadolgo 
https://lk.qwerty.ru/owa/rac.k/!w3_p_main.showform?CONFIG=CONTRACT 
https://moscow.shop.megafon.ru/mobile/156000?int_campaign=324&int_b=3288 
https://my.wifire.ru/ 
https://money.megafon.ru/ 
https://www.megafon.ru/go/mf_main 
https://www.akado.ru/services/dtv-internet/ 
https://www.akado.ru/sub/payment/sbr/ 
https://megafon.tv/shows/Domashnee_pole_2022 
https://life.megafon.ru/digital-marketplace/#listen 
https://video-cam.akado.ru/login.html 
https://www.netbynet.ru/about 
https://wifire-netbynet.ru/Domashniy_Internet_i_TV_tarify 
https://office.akado.ru/user/login.xml?requestID=CF0C8482-D9BB-EB27-E717-1D48C0762CBE 
https://www.akado-telecom.ru/zakaz/ 
https://domodar.ru/posts/internet-onlime/ 
https://movix.ru/television 
https://movix.ru/television#authorization-welcome 
https://internet-tv-dom.ru/irkutsk 
https://almatel.ru/internet/ 
https://almatel.ru/lk/login.php 
https://almatel.ru/payment/ 
https://inetcom.tv/
https://stat.inetcom.ru/cabinet/index.php 
http://help.inetcom.ru/ 
https://www.maryno.net/internet/ 
http://www.ucanet.ru/index.php?option=com_connect&Itemid=64 
https://support.tushino.com/?37 
https://lk.maryno.net/login/ 
https://irkutsk.ttk.ru/home-inet/ 
http://www.lubi.su/internet/connect/ 
https://www.spr.ru/himki/lyubi.html 
https://lk.ttk.ru/po/login.jsf 
https://b2b.ttk.ru/ 
https://b2b.ttk.ru/operators/ 
https://mylink.tel/ 
https://internet-providers.ru/actions 
https://online-kabinety.ru/provaydery/tushino-telekom 
https://secure.rinet.ru/ 
https://secure.rinet.ru/pay/bcard_o/start 
https://risp.ru/hosting/ 
https://interactive-24.ru/rinet#feedback 
http://telincom.ru/payment/ 
http://telincom.ru/personal/ 
http://www.telenc.ru/price.html 
https://www.tushino.com/menu/podkl.html 
https://cabinet.tushino.com/login 
https://webmail.tushino.com/ 
https://corp.mylink.tel/ 
https://utech.ru/ 
http://english.ttk.ru/ 
https://nti2035.ru/markets/neuronet 
https://lk.int-tel.net/itellogin.jsp 
https://iflat.ru/ 
http://lk.iflat.ru/login 
https://dtel.ru/dlya-kvartiry/internet-3-2/ 
https://int-tel.net/ 
http://xn--80agodgmnf3l.xn--p1ai/%D0%B2-%D0%B4%D0%BE%D0%BC/ 
http://www.smile-net.ru/internet/tariffs/moscow 
https://billing.nline.ru/index.cgi 
https://lk.virginconnect.ru/login
http://support.smile-net.ru/internet_help/faq/?SECTION_ID=41 
https://ihome.ru/language/ru/%d0%a1%d0%b5%d1%82%d1%8c/ 
https://nsk.sibset.ru/login/ 
https://nsk.sibset.ru/payment/ 
https://lk.asvt.ru/billing/!w3_p_main.showform?CONFIG=CONTRACT 
https://billing.mosinter.net/cp/login 
http://stat.vip-tel.net/ 
https://viptelecom.spb.ru/activity 
https://mosinter.net/fizicheskim-licam/internet-tv/ 
http://gpinternet.ru/ip-telefoniya/tarify/ 
http://vip-tel.net/payment.html 
http://www.agtel.net/ 
http://newstat.gpinternet.ru/cp/login?uri= 
https://yarvolna.net/%D1%81%D0%BF%D0%BE%D1%81%D0%BE%D0%B1%D1%8B-%D0%BE%D0%BF%D0%BB%D0%B0%D1%82%D1%8B/ 
https://asvt.ru/index.php/sber-pay/ 
http://www.apm-telecom.ru/ 
http://stat.apmt.ru/ 
https://ertelecom.ru/ru/directions/for-individuals 
http://www.mega-internet.ru/action.php 
http://www.vts24.ru/ 
https://westcall.spb.ru/for_office/account-to-net/wideband-account/ 
https://account.garstelecom.ru/ 
https://ekt.rt.ru/-volyny-/homeinternet/internet_tv 
https://www.bistv.ru/ 
https://www.seven-sky.net/for_abonents/InternetTV/Moskva_i_MO 
https://lk.seven-sky.net/ 
https://lk.seven-sky.net/login.jsp 
https://b.butovonet.ru/webroom/ 
https://lk.asteis.net/ 
http://butovonet.ru/index.php/internet-2/ 
http://butovonet.ru/index.php/pay/ 
http://www.asteis.net/order/ 
https://altegrosky.ru/services/sputnikovyi-internet/ 
https://lk.westcall.ru/login 
https://westcall.ru/internet-for-business/dlya-yuridicheskih-lits/ 
https://westcall.ru/wi-fi/ 
https://xn--90a6an.xn--80aaac0ct.xn--p1ai/readers/afisha.html 
https://bisv.ru/internet/#business 
https://moscow-2kom.ru/novosti/abonentam-birulevo-net 
https://platforms.su/login 
http://alfasatcom.ru/index.php/serv-projecting/ 
https://bm-app.bisv.ru/cgi-bin/clients/login 
https://stat.dtel.ru/ 
http://billing.mega.nn.ru/ 
https://user.smile-net.ru/newpa/?handler=Login&to= 
https://pay.virginconnect.ru/ 
https://lk.lantek.ru/cardpayment.php 
https://mail.velnet.ru/hpronto/ 
http://www.butovo.com/news/ 
https://bagra.ru/?city=russia&rubric=restorany-i-kafe 
https://mosnet.ru/customers/payments/ 
https://www.tcenter.ru/online_request/ 
https://orionnet.ru/irk/catalog/fizicheskim-litsam/internet 
https://cabinet.is-telecom.ru/ 
https://cirex.ru/channels 
https://k-telecom.org/feedback/ 
https://k-telecom.org/payment/ 
https://is-telecom.ru/ 
https://xn--q1ab.xn--p1ai/request/ 
https://baikal-telecom.ru/connect/ 
https://baikal-telecom.ru/price/payment-methods/ 
https://avanta-telecom.ru/pay/ 
https://lk.38hr.ru/my/index.xhtml 
http://999009.ru/ 
https://www.m9com.ru/oplata/ 
https://www.m9com.ru/podklyuchenie-uslug-m9.html 
https://lc.avanta-telecom.ru/login 
http://stat.max-tel.ru/ 
https://www.lantek.ru/connect 
https://www.lantek.ru/payments 
https://rta-telecom.ru/auth/ 
https://rta-telecom.ru/payment/ 
http://max-tel.ru/for-business/?pn=0 
https://megapolis-telecom.ru/payment 
http://38ht.ru/internet 
https://stat.velnet.ru/cgi-bin/utm5/aaa5 
https://stat.k-telecom.org/cgi-bin/proga/client.pl 
https://lc.telecom-center.ru:8011/login 
http://www.velnet.ru/oplata-uslug.html 
https://lanport.ru/home-internet 
https://lanport.ru/lk 
https://www.virginconnect.ru/business/vas/ 
https://www.virginconnect.ru/home/internet/ 
https://stat.m9com.ru/uwm/ 
https://m9-uz.ru/podklyuchenie-uslug-m9.html 
https://life-link.ru/tarify/nachalnyy/ 
http://www.lifelink.ru/connect 
https://slk.ikosmos.tv/ 
http://lifelink-himki.ru/pages/howtoconnect 
https://portal.life-link.ru/login 
https://ikosmos.tv/
https://ikosmos.tv/pay 
https://lk.m9-uz.ru/uwm/ 
https://lk.cosmos-telecom.by/login/contract
http://psk-net.ru/abonentam/lichnyj-kabinet.html 
http://psk-net.ru/oplata-uslug.html 
http://psk-net.ru/uslugi/internet.html 
https://secure.onpay.ru/pay/psk-net?f=7&pay_mode=free¤cy=RUR#/ 
http://stat.psk-net.ru/ 
https://nrjnet.ru/stat 
https://linkline.ru/tariffs/ 
https://linkline.ru/tariffs_company/ 
https://moscow.cataloxy.ru/firms.htm 
https://www.golnet.ru/tariffs-for-individuals/ 
http://www.telemednet.ru/zay3.php 
https://koptevo.net/install/ 
https://www.citytelecom.ru/physical/internet
https://www.domolan.ru/connection 
https://www.domolan.ru/lk/login 
https://citytelecom.spb.ru/uslugi-dlya-korporativnyh-klientov/korporativnye-klienty-internet/ 
https://lb.cdt.ru/lbweb-client/api.php?r=site/login 
https://cp.citytelecom.ru/auth/login?next=%2F
https://belgorod.zelenaya.net/internet/ 
https://belgorod.zelenaya.net/pay/ 
https://lk.cittel.ru:6443/ 
https://lk.cittel.ru:6443/?act=login 
https://cp.koptevo.net/login 
http://wp.cdt.ru/ 
https://city-telekom.ru/bgbilling/webexecuter 
https://city-telekom.ru/cabinet/welcome/ 
https://city-telekom.ru/connect/internet/ 
https://city-telekom.ru/payment/ 
https://stat.moscow.zelenaya.net/ 
https://cifra1.ru/internet/ 
https://cifra1.ru/payment/ 
https://www.cln.net/tariffs/ 
https://www.cln.net/ways/ 
https://lk.belgorod.zelenaya.net/login 
https://mail.koptevo.net/ 
https://billing.at-home.ru/lk/user/plainAuth/ 
http://cittel.ru/order-services/ 
https://www.profintel.ru/dlja_doma/internet/bezlimitnye_tarify/ 
http://inko-telecom.ru/kolomna/login 
https://cosmos-telecom.by/individuals/internet-dlya-doma 
http://www.tvomsk.ru/ 
https://vesti-omsk.ru/ 
https://msk-online.ru/#/p/zayavka 
https://moscow.msk-online.ru/ 
https://mtsru.ru/#/p/zayavka 
https://stat.starlink.ru/ 
https://moscow.mt-home.ru/#/p/zayavka 
https://zkz.megafon.ru/number/ 
https://b2b.netbynet.ru/internet 
https://b2b.netbynet.ru/pay 
https://wifire.tv/ 
https://inetcom.ru/connection 
https://boffice.akado.ru/user/login.xml?noCook&requestID=17366707-3D12-7A93-D135-36520522A054 
https://master.akado-telecom.ru/ 
https://msk.dom.ru/payments 
https://msk.dom.ru/user/login?referrer=/payments&forceRedirect=true 
https://www.inetcom.ru/subscribers 
https://cabinet.almatel.ru/login/
https://x.inetcom.ru/ 
https://2kom.ru/for_subscribers/payment/ 
https://domru.spb.ru/tariffs/mega-m/ 
https://moscow-mgts.ru/MGTS_Internet_tarify_Moskva 
https://inetme.ru/msk/otzivi-o-provayderah/yusiey-netvorks/ 
https://stat.ucanet.ru/ 
https://services.rinet.ru/wi-fi/ 
https://action.rinet.ru/videonablyudenie_dlya_doma_i_k/ 
https://internet.rinet.ru/#order-form 
https://about.rinet.ru/contact/ 
https://payment.rinet.ru/card_online/ 
https://rinet.ru/ 
https://yaseo.ru/biznes-telekom-ostavit-zayavku.html 
https://corp.rinet.ru/services/ 
https://faq.rinet.ru/tariff/ 
https://xn----dtbfw3ba.xn--p1ai/ttk-zayava/ 
http://nline.ru/# 
http://www.nline.ru/#open-modal 
https://www.apmt.ru/payment/bank 
http://forum.apmt.ru/ 
https://vatnet.ru/pc-link/webexecuter 
https://volnamobile.ru/pay/ 
https://volnamobile.ru/services/internet/ 
https://lk.volnamobile.ru/login?redirect=%2F 
http://www.vatnet.ru/index.php/clientam/dlya-chastnyh-lits/chastnye-litsa-mnogokvartirnye-doma/inet-v-mnogokvartirnyh-domah 
https://corp.volnamobile.ru/internet/ 
https://payment.mts.ru/Auth/SignIn/?_ga=2.19702200.1040451731.1653858279-1789820105.1653858279 
https://payment.mts.ru/pay/13590 
https://gtnet.ru/customer/internet/paymethods 
https://gtnet.ru/order 
https://lk.gtnet.ru/ 
https://moscow.zelenaya.net/internet/
https://moscow.zelenaya.net/pay/ 
https://at-home.ru/pay 
http://gelicon.ru/index.php 
https://playtelecom.ru/lukhovitsy/cabinet
https://my.gelicon.ru/ 
https://zelenaya.net/ 
https://volunteer.su/
